Fetching judge assignments...
Assignments: 2 records
[
  {
    team_id: '10ed4407-63b4-45a1-a419-efac1407714b',
    judge_id: 'a93ae356-9632-45bb-acef-0b5c001fc1e6'
  },
  {
    team_id: '619d1a96-1a69-48e5-aafd-81c577d5d89b',
    judge_id: 'a93ae356-9632-45bb-acef-0b5c001fc1e6'
  }
]
Fetching users...
Users: 16 records
Judge ID in assignment a93ae356-9632-45bb-acef-0b5c001fc1e6 belongs to User: Google Developer Students Club Student Chapter gdsckare@klu.ac.in Role: judge
